Archive member included because of file (symbol)

c:/MWSDK/Wks_TWELITE/Current-Test/../../TWENET/L1200/lib/libTWENET_RED.a(ToCoNet_event.o)
                              objs_RED/Main.o (symbol from plugin) (PRSEV_u8Register)
c:/MWSDK/Wks_TWELITE/Current-Test/../../TWENET/L1200/lib/libTWENET_RED.a(ToCoNet_main.o)
                              ToCoNet_event.o (symbol from plugin) (u32TickCount_ms)
c:/MWSDK/Wks_TWELITE/Current-Test/../../TWENET/L1200/lib/libTWENET_RED.a(ToCoNet_utils.o)
                              ToCoNet_main.o (symbol from plugin) (ToCoNet_u32GetVersion)
c:/MWSDK/Wks_TWELITE/Current-Test/../../TWENET/L1200/lib/libTWENET_RED.a(ToCoNet_mod_Tx.o)
                              objs_RED/Main.o (symbol from plugin) (ToCoNet_vReg_mod_Tx_Standard)
c:/MWSDK/Wks_TWELITE/Current-Test/../../TWENET/L1200/lib/libTWENET_RED.a(ToCoNet_mod_TxRxQueue.o)
                              objs_RED/Main.o (symbol from plugin) (ToCoNet_vReg_mod_TxRxQueueMid)
c:/MWSDK/Wks_TWELITE/Current-Test/../../TWENET/L1200/lib/libTWENET_RED.a(ToCoNet_mod_Nwk_Common.o)
                              ToCoNet_main.o (symbol from plugin) (ToCoNet_vRxProc_Mod)
c:/MWSDK/Wks_TWELITE/Current-Test/../../TWENET/L1200/lib/libTWENET_RED.a(ToCoNet_mod_Channel_Mgr.o)
                              ToCoNet_mod_Tx.o (symbol from plugin) (ToCoNet_ChMgr_bCh_OnTx)
c:/MWSDK/Wks_TWELITE/Current-Test/../../TWENET/L1200/lib/libTWENET_RED.a(Version.o)
                              ToCoNet_utils.o (symbol from plugin) (au8ToCoNetVersionInfo)
c:/MWSDK/Wks_TWELITE/Current-Test/../../TWENET/L1200/lib/libTWENET_RED.a(AppQueueApi_ToCoNet.o)
                              ToCoNet_main.o (symbol from plugin) (u32AppQApiInitInt_PATCH)
c:/MWSDK/Wks_TWELITE/Current-Test/../../TWENET/L1200/lib/libTWENEText_RED.a(AppStart.o)
                              (AppColdStart)
c:/MWSDK/Wks_TWELITE/Current-Test/../../TWENET/L1200/lib/libTWENEText_RED.a(getMacAddr.o)
                              ToCoNet_main.o (symbol from plugin) (ToCoNet_u32GetSerialOnBoot)
c:/MWSDK/Wks_TWELITE/Current-Test/../../TWENET/L1200/lib/libTWENEText_RED.a(mac.o)
                              ToCoNet_main.o (symbol from plugin) (Mac_vInit)
c:/MWSDK/Wks_TWELITE/Current-Test/../../TWENET/L1200/lib/libTWENEText_RED.a(AES_CCM.o)
                              AppStart.o (symbol from plugin) (bAES_CCM_KeyReg)
c:/MWSDK/Wks_TWELITE/Current-Test/../../TWENET/L1200/lib/libTWENEText_RED.a(no_ack_handler.o)
                              AppStart.o (symbol from plugin) (vInstallNoAckHandler)
c:/MWSDK/Wks_TWELITE/Current-Test/../../TWENET/L1200/lib/libTWENEText_RED.a(Version.o)
                              ToCoNet_utils.o (symbol from plugin) (au8ToCoNetExtVersionInfo)
c:/MWSDK/Wks_TWELITE/Current-Test/../../TWENET/L1200/lib/libTWENETutils_RED.a(serial.o)
                              objs_RED/Main.o (symbol from plugin) (SERIAL_vInit)
c:/MWSDK/Wks_TWELITE/Current-Test/../../TWENET/L1200/lib/libTWENETutils_RED.a(uart.o)
                              serial.o (symbol from plugin) (UART_vInit)
c:/MWSDK/Wks_TWELITE/Current-Test/../../TWENET/L1200/lib/libTWENETutils_RED.a(ByteQueue.o)
                              ToCoNet_main.o (symbol from plugin) (QUEUE__vInit)
c:/MWSDK/Wks_TWELITE/Current-Test/../../TWENET/L1200/lib/libTWENETutils_RED.a(ccitt8.o)
                              AppStart.o (symbol from plugin) (u8CCITT8)
c:/MWSDK/Wks_TWELITE/Current-Test/../../TWENET/L1200/lib/libTWENETutils_RED.a(fprintf.o)
                              objs_RED/Main.o (symbol from plugin) (vfPrintf)
c:/MWSDK/Wks_TWELITE/Current-Test/../../TWENET/L1200/lib/libTWENETutils_RED.a(sprintf.o)
                              objs_RED/Main.o (symbol from plugin) (SPRINTF_vInit128)
c:/MWSDK/Wks_TWELITE/Current-Test/../../TWENET/L1200/lib/libTWENETutils_RED.a(utils.o)
                              ToCoNet_main.o (symbol from plugin) (vTimerConfig)
c:/MWSDK/Wks_TWELITE/Current-Test/../../TWENET/L1200/lib/libTWENETutils_RED.a(ccm.o)
                              AES_CCM.o (symbol from plugin) (ccm_init_and_key)
c:/MWSDK/Wks_TWELITE/Current-Test/../../TWENET/L1200/lib/libTWENETutils_RED.a(Version.o)
                              ToCoNet_utils.o (symbol from plugin) (au8ToCoNetUtilsVersionInfo)
c:/MWSDK/Wks_TWELITE/Current-Test/../../TWENET/L1200/lib/libTWENETutils_RED.a(aescrypt.o)
                              ccm.o (symbol from plugin) (aes_encrypt)
c:/MWSDK/Wks_TWELITE/Current-Test/../../TWENET/L1200/lib/libTWENETutils_RED.a(aeskey.o)
                              ccm.o (symbol from plugin) (aes_encrypt_key)
c:/MWSDK/Wks_TWELITE/Current-Test/../../TWENET/L1200/lib/libTWENETutils_RED.a(aestab.o)
                              aeskey.o (symbol from plugin) (t_im)
c:/MWSDK/ChipLib/SW4063V1416/Components/Library\libAppApi_JN5169.a(AppApi.o)
                              (pvAppApiDefGetMacHandle)
c:/MWSDK/ChipLib/SW4063V1416/Components/Library\libAppApi_JN5169.a(AppApiSleep.o)
                              (vAppApiDefSaveMacSettings)
c:/MWSDK/ChipLib/SW4063V1416/Components/Library\libMAC_JN5169.a(mac_main.o)
                              AppApi.o (symbol from plugin) (MAC_pvCtor)
c:/MWSDK/ChipLib/SW4063V1416/Components/Library\libMAC_JN5169.a(mac_mcps.o)
                              AppApi.o (symbol from plugin) (MAC_vHandleMcpsReqRsp)
c:/MWSDK/ChipLib/SW4063V1416/Components/Library\libMAC_JN5169.a(mac_mlme.o)
                              AppApi.o (symbol from plugin) (MAC_vHandleMlmeReqRsp)
c:/MWSDK/ChipLib/SW4063V1416/Components/Library\libMAC_JN5169.a(mac_pib.o)
                              AppStart.o (symbol from plugin) (MAC_psPibGetHandle)
c:/MWSDK/ChipLib/SW4063V1416/Components/Library\libMAC_JN5169.a(mac_pib_mlme.o)
                              mac_main.o (symbol from plugin) (mac_vPibSetDefaults)
c:/MWSDK/ChipLib/SW4063V1416/Components/Library\libMAC_JN5169.a(mac_pmic.o)
                              mac_main.o (symbol from plugin) (vPMICreset)
c:/MWSDK/ChipLib/SW4063V1416/Components/Library\libMAC_JN5169.a(mac_ind.o)
                              AppApi.o (symbol from plugin) (MAC_vRegisterMlmeDcfmIndCallbacks)
c:/MWSDK/ChipLib/SW4063V1416/Components/Library\libMAC_JN5169.a(mac_scan.o)
                              mac_main.o (symbol from plugin) (mac_eScanInit)
c:/MWSDK/ChipLib/SW4063V1416/Components/Library\libMAC_JN5169.a(mac_lp.o)
                              mac_pmic.o (symbol from plugin) (g_sLP)
c:/MWSDK/ChipLib/SW4063V1416/Components/Library\libMAC_JN5169.a(MCPS.o)
                              mac_mcps.o (symbol from plugin) (vTAM_MCPSdataRequest)
c:/MWSDK/ChipLib/SW4063V1416/Components/Library\libMAC_JN5169.a(phy_pib.o)
                              AppApi.o (symbol from plugin) (phy_ePibGet)
c:/MWSDK/ChipLib/SW4063V1416/Components/Library\libMAC_JN5169.a(TAM.o)
                              MCPS.o (symbol from plugin) (bTAMinPAN)
c:/MWSDK/ChipLib/SW4063V1416/Components/Library\libMAC_JN5169.a(TAMCO.o)
                              TAM.o (symbol from plugin) (vTAMCOsetCoordinator)
c:/MWSDK/ChipLib/SW4063V1416/Components/Library\libMAC_JN5169.a(TAMDE.o)
                              TAM.o (symbol from plugin) (vTAMDEdetermineNullState)
c:/MWSDK/ChipLib/SW4063V1416/Components/Library\libMAC_JN5169.a(TAM_MEM.o)
                              TAM.o (symbol from plugin) (vMEMreset)
c:/MWSDK/ChipLib/SW4063V1416/Components/Library\libMAC_JN5169.a(TAM_MLME.o)
                              mac_scan.o (symbol from plugin) (vMLMEbeaconNotify)
c:/MWSDK/ChipLib/SW4063V1416/Components/Library\libMAC_JN5169.a(TAM_TAH.o)
                              TAMCO.o (symbol from plugin) (vTAHsetCutOff)
c:/MWSDK/ChipLib/SW4063V1416/Components/Library\libMAC_JN5169.a(TAM_TAI.o)
                              TAM.o (symbol from plugin) (vTAIsetCapTime)
c:/MWSDK/ChipLib/SW4063V1416/Components/Library\libMAC_JN5169.a(TAM_TAT.o)
                              TAMDE.o (symbol from plugin) (vTATstartReceiveAt)
c:/MWSDK/ChipLib/SW4063V1416/Components/Library\libMAC_JN5169.a(TAMcommon.o)
                              mac_scan.o (symbol from plugin) (bTACassessBeaconForPayload)
c:/MWSDK/ChipLib/SW4063V1416/Components/Library\libMAC_JN5169.a(TAMevent.o)
                              mac_lp.o (symbol from plugin) (vTAMinsertEvent)
c:/MWSDK/ChipLib/SW4063V1416/Components/Library\libMAC_JN5169.a(TAMqueue.o)
                              TAMcommon.o (symbol from plugin) (vTAQaddToFifo)
c:/MWSDK/ChipLib/SW4063V1416/Components/Library\libMAC_JN5169.a(TAMrxEnable.o)
                              TAMevent.o (symbol from plugin) (vTAMRXEint2Fired)
c:/MWSDK/ChipLib/SW4063V1416/Components/Library\libMAC_JN5169.a(TAMsecurity.o)
                              TAMcommon.o (symbol from plugin) (vTSCgetIncomingInfo)
c:/MWSDK/ChipLib/SW4063V1416/Components/Library\libMAC_JN5169.a(TAMsideways.o)
                              mac_pmic.o (symbol from plugin) (eTAStransmitRequest)
c:/MWSDK/ChipLib/SW4063V1416/Components/Library\libMAC_JN5169.a(TAMtime.o)
                              TAM.o (symbol from plugin) (vTTIBLETimerExpired)
c:/MWSDK/ChipLib/SW4063V1416/Components/Library\libMAC_JN5169.a(TAM_AES.o)
                              TAMsecurity.o (symbol from plugin) (u8TAM_AES_WriteAuxilliarySecurityHeaderIntoBuffer)
c:/MWSDK/ChipLib/SW4063V1416/Components/Library\libMAC_JN5169.a(Endian.o)
                              TAM_AES.o (symbol from plugin) (vFromU16ToLe)
c:/MWSDK/ChipLib/SW4063V1416/Components/Library\libMAC_JN5169.a(mac_acl.o)
                              TAMsecurity.o (symbol from plugin) (MAC_u8AclFindInfo)
c:/MWSDK/ChipLib/SW4063V1416/Components/Library\libMAC_JN5169.a(mac_misc.o)
                              mac_mlme.o (symbol from plugin) (vMAC_MISCpollRequest)
c:/MWSDK/ChipLib/SW4063V1416/Components/Library\libTimerServer_JN516x.a(tsv_main.o)
                              AppApiSleep.o (symbol from plugin) (s_sTimerList)
c:/MWSDK/ChipLib/SW4063V1416/Components/Library\libXcv_JN5169.a(xcv_main.o)
                              AppApi.o (symbol from plugin) (XCV_vCtor)
c:/MWSDK/ChipLib/SW4063V1416/Components/Library\libXcv_JN5169.a(xcv_access.o)
                              mac_main.o (symbol from plugin) (XCV_vDevWriteIER)
c:/MWSDK/ChipLib/SW4063V1416/Components/Library\libXcv_JN5169.a(xcv_isr.o)
                              AppApi.o (symbol from plugin) (vXCV_IntHandlerPhy)
c:/MWSDK/ChipLib/SW4063V1416/Components/Library\libMMAC_JN5169.a(MMAC.o)
                              phy_pib.o (symbol from plugin) (vMMAC_SetChannelAndPower)
c:/MWSDK/ChipLib/SW4063V1416/Components/Library\libMMAC_JN5169.a(MMAC_RadioInit_JN5169.o)
                              xcv_main.o (symbol from plugin) (vMMAC_ConfigureRadio)
c:/MWSDK/ChipLib/SW4063V1416/Components/Library\libJPT_JN5169.a(JPT_RadioTxPowerTests.o)
                              AppApi.o (symbol from plugin) (vJPT_CustomBmodTable)
c:/MWSDK/ChipLib/SW4063V1416/Components/Library\libJPT_JN5169.a(JPT_RadioSettings_JN5169.o)
                              MMAC_RadioInit_JN5169.o (symbol from plugin) (bJPT_InitRadio_JN5169)
c:/MWSDK/ChipLib/SW4063V1416/Components/Library\libAes_JN516x.a(AEScoprocessorCCM.o)
                              AES_CCM.o (symbol from plugin) (bACI_CCMstar)
c:/MWSDK/ChipLib/SW4063V1416/Components/Library\libAes_JN516x.a(AES_CCM_Star.o)
                              TAM_AES.o (symbol from plugin) (vACI_OptimisedCcmStar)
c:/MWSDK/ChipLib/SW4063V1416/Components/Library\libAes_JN516x.a(AEScoprocessorAPI.o)
                              AES_CCM_Star.o (symbol from plugin) (vACI_CmdWaitBusy)
c:/MWSDK/ChipLib/SW4063V1416/Components/Library\libHardwareApi_JN5169.a(AHI_Analogue.o)
                              objs_RED/Main.o (symbol from plugin) (bAHI_APRegulatorEnabled)
c:/MWSDK/ChipLib/SW4063V1416/Components/Library\libHardwareApi_JN5169.a(AHI_BrownOut.o)
                              objs_RED/Main.o (symbol from plugin) (vAHI_BrownOutConfigure)
c:/MWSDK/ChipLib/SW4063V1416/Components/Library\libHardwareApi_JN5169.a(AHI_Dio.o)
                              ToCoNet_main.o (symbol from plugin) (vAHI_DioSetPullup)
c:/MWSDK/ChipLib/SW4063V1416/Components/Library\libHardwareApi_JN5169.a(AHI_Reset.o)
                              ToCoNet_main.o (symbol from plugin) (vAHI_SwReset)
c:/MWSDK/ChipLib/SW4063V1416/Components/Library\libHardwareApi_JN5169.a(AHI_Spi.o)
                              AppQueueApi_ToCoNet.o (symbol from plugin) (vAHI_SpiRegisterCallback)
c:/MWSDK/ChipLib/SW4063V1416/Components/Library\libHardwareApi_JN5169.a(AHI_System.o)
                              AppApiSleep.o (symbol from plugin) (u8AHI_PowerStatus)
c:/MWSDK/ChipLib/SW4063V1416/Components/Library\libHardwareApi_JN5169.a(AHI_Timer.o)
                              utils.o (symbol from plugin) (vAHI_TimerEnable)
c:/MWSDK/ChipLib/SW4063V1416/Components/Library\libHardwareApi_JN5169.a(AHI_TimerInt.o)
                              AppQueueApi_ToCoNet.o (symbol from plugin) (vAHI_Timer0RegisterCallback)
c:/MWSDK/ChipLib/SW4063V1416/Components/Library\libHardwareApi_JN5169.a(AHI_Uart.o)
                              uart.o (symbol from plugin) (vAHI_UartSetBaudDivisor)
c:/MWSDK/ChipLib/SW4063V1416/Components/Library\libHardwareApi_JN5169.a(AHI_WakeTimer.o)
                              ToCoNet_utils.o (symbol from plugin) (vAHI_WakeTimerEnable)
c:/MWSDK/ChipLib/SW4063V1416/Components/Library\libHardwareApi_JN5169.a(AHI_Flash.o)
                              AHI_System.o (symbol from plugin) (vAHI_FlashAndEEPROMControllerIntHandler)
c:/MWSDK/ChipLib/SW4063V1416/Components/Library\libHardwareApi_JN5169.a(AHI_Infrared.o)
                              AHI_TimerInt.o (symbol from plugin) (vAHI_IntHandlerInfrared)
c:/MWSDK/ChipLib/SW4063V1416/Components/Library\libHardwareApi_JN5169.a(InternalFlashApi.o)
                              AHI_Flash.o (symbol from plugin) (bFlashErase)
c:/MWSDK/ChipLib/SW4063V1416/Components/Library\libHardwareApi_JN5169.a(AHI_FlashIndexSector.o)
                              AppStart.o (symbol from plugin) (bAHI_ReadMACID)
c:/MWSDK/ChipLib/SW4063V1416/Components/Library\libHardwareApi_JN5169.a(AHI_Si.o)
                              AppQueueApi_ToCoNet.o (symbol from plugin) (vAHI_SiRegisterCallback)
c:/MWSDK/ChipLib/SW4063V1416/Components/Library\libHardwareApi_JN5169.a(AHI_TickTimer.o)
                              AppQueueApi_ToCoNet.o (symbol from plugin) (vAHI_TickTimerInit)
c:/MWSDK/ChipLib/SW4063V1416/Components/Library\libHardwareApi_JN5169.a(AHI_Interrupt.o)
                              AppApi.o (symbol from plugin) (vAHI_InterruptSetPriority)
c:/MWSDK/ChipLib/SW4063V1416/Components/Library\libHardwareApi_JN5169.a(AHI_Init.o)
                              AppStart.o (symbol from plugin) (u32AHI_Init)
c:/MWSDK/ChipLib/SW4063V1416/Components/Library\libHardwareApi_JN5169.a(AHI_SpiSlave.o)
                              AHI_Init.o (symbol from plugin) (vAHI_IntHandlerSpiSlave)
c:/MWSDK/ChipLib/SW4063V1416/Components/Library\libMicroSpecific_JN516x.a(MicroInt_ba.o)
                              serial.o (symbol from plugin) (vMicroIntEnableOnly)
c:/MWSDK/ChipLib/SW4063V1416/Components/Library\libMicroSpecific_JN516x.a(MicroSyscall_ba.o)
                              AHI_Reset.o (symbol from plugin) (vMicroSyscall)
c:/MWSDK/ChipLib/SW4063V1416/Components/Library\libBoot_JN516x.a(Heap.o)
                              (u32HeapStart)
c:/MWSDK/ChipLib/SW4063V1416/Components/Library\libBoot_JN516x.a(ExceptionHandler.o)
                              (_exception_external_interrupt)
c:/MWSDK/ChipLib/SW4063V1416/Components/Library\libAppApi_JN5169.a(AppHousekeeping.o)
                              mac_scan.o (symbol from plugin) (sAppHousekeeping)
c:/MWSDK/ChipLib/SW4063V1416/Components/Library\libAes_JN516x.a(AEScoprocessorAPIinterrupts.o)
                              AHI_Init.o (symbol from plugin) (vACI_IntHandlerAes)
c:/mwsdk/tools/ba-elf-ba2-r36379/bin/../lib/gcc/ba-elf/4.7.4/../../../../ba-elf/lib/mcpu_jn51xx_sizeopt\libc.a(lib_a-memcmp.o)
                              C:\Users\Maeoka\AppData\Local\Temp\ccSfo1cc.ltrans2.ltrans.o (memcmp)
c:/mwsdk/tools/ba-elf-ba2-r36379/bin/../lib/gcc/ba-elf/4.7.4/../../../../ba-elf/lib/mcpu_jn51xx_sizeopt\libc.a(lib_a-memcpy.o)
                              C:\Users\Maeoka\AppData\Local\Temp\ccSfo1cc.ltrans0.ltrans.o (memcpy)
c:/mwsdk/tools/ba-elf-ba2-r36379/bin/../lib/gcc/ba-elf/4.7.4/../../../../ba-elf/lib/mcpu_jn51xx_sizeopt\libc.a(lib_a-memset.o)
                              C:\Users\Maeoka\AppData\Local\Temp\ccSfo1cc.ltrans0.ltrans.o (memset)
c:/mwsdk/tools/ba-elf-ba2-r36379/bin/../lib/gcc/ba-elf/4.7.4/mcpu_jn51xx_sizeopt\libgcc.a(__udivsi3.o)
                              C:\Users\Maeoka\AppData\Local\Temp\ccSfo1cc.ltrans0.ltrans.o (__udivsi3)
c:/mwsdk/tools/ba-elf-ba2-r36379/bin/../lib/gcc/ba-elf/4.7.4/mcpu_jn51xx_sizeopt\libgcc.a(__divsi3.o)
                              C:\Users\Maeoka\AppData\Local\Temp\ccSfo1cc.ltrans3.ltrans.o (__divsi3)
c:/mwsdk/tools/ba-elf-ba2-r36379/bin/../lib/gcc/ba-elf/4.7.4/mcpu_jn51xx_sizeopt\libgcc.a(__umodsi3.o)
                              C:\Users\Maeoka\AppData\Local\Temp\ccSfo1cc.ltrans0.ltrans.o (__umodsi3)

Allocating common symbols
Common symbol       size              file

apvHwIndBufferData  0x2c              AppQueueApi_ToCoNet.o (symbol from plugin)
prMAC_TofMlmeReqHandler
                    0x4               mac_mlme.o (symbol from plugin)
apvMlmeIndBufferData
                    0x14              AppQueueApi_ToCoNet.o (symbol from plugin)
_TWENET_TX_POWER_VALUE
                    0x1               AppStart.o (symbol from plugin)
g_tSpiConfiguration
                    0x4               AHI_Flash.o (symbol from plugin)
SPRINTF_Stream      0x4               sprintf.o (symbol from plugin)
u8TAM_TxStatusOverride
                    0x1               TAMevent.o (symbol from plugin)
prMAC_TofRxHandler  0x4               TAMcommon.o (symbol from plugin)
_MAC_u8TxFailReason
                    0x1               mac.o (symbol from plugin)
apvMcpsIndBufferData
                    0x14              AppQueueApi_ToCoNet.o (symbol from plugin)
bAHI_ExtendedTemperatureOperation
                    0x1               AHI_System.o (symbol from plugin)
bMAC_DiscardUnsuccessfulAssocResponses
                    0x1               mac_pmic.o (symbol from plugin)
u8Msq               0x1               TAM_TAT.o (symbol from plugin)
g_bLegacyHwBugEmulation
                    0x1               AES_CCM_Star.o (symbol from plugin)

Discarded input sections

 .text          0x0000000000000000        0x0 objs_RED/Main.o (symbol from plugin)
 .data          0x0000000000000000        0x0 C:\Users\Maeoka\AppData\Local\Temp\ccSfo1cc.ltrans1.ltrans.o
 .data          0x0000000000000000        0x0 C:\Users\Maeoka\AppData\Local\Temp\ccSfo1cc.ltrans2.ltrans.o
 .data          0x0000000000000000        0x0 C:\Users\Maeoka\AppData\Local\Temp\ccSfo1cc.ltrans3.ltrans.o
 .data          0x0000000000000000        0x0 C:\Users\Maeoka\AppData\Local\Temp\ccSfo1cc.ltrans4.ltrans.o
 .data          0x0000000000000000        0x0 C:\Users\Maeoka\AppData\Local\Temp\ccSfo1cc.ltrans5.ltrans.o
 .data          0x0000000000000000        0x0 C:\Users\Maeoka\AppData\Local\Temp\ccSfo1cc.ltrans6.ltrans.o
 .data          0x0000000000000000        0x0 C:\Users\Maeoka\AppData\Local\Temp\ccSfo1cc.ltrans7.ltrans.o
 .data          0x0000000000000000        0x0 C:\Users\Maeoka\AppData\Local\Temp\ccSfo1cc.ltrans8.ltrans.o
 .data          0x0000000000000000        0x0 C:\Users\Maeoka\AppData\Local\Temp\ccSfo1cc.ltrans11.ltrans.o
 .data          0x0000000000000000        0x0 C:\Users\Maeoka\AppData\Local\Temp\ccSfo1cc.ltrans12.ltrans.o
 .data          0x0000000000000000        0x0 C:\Users\Maeoka\AppData\Local\Temp\ccSfo1cc.ltrans13.ltrans.o
 .data          0x0000000000000000        0x0 C:\Users\Maeoka\AppData\Local\Temp\ccSfo1cc.ltrans14.ltrans.o
 .data          0x0000000000000000        0x0 C:\Users\Maeoka\AppData\Local\Temp\ccSfo1cc.ltrans15.ltrans.o
 .data          0x0000000000000000        0x0 c:/mwsdk/tools/ba-elf-ba2-r36379/bin/../lib/gcc/ba-elf/4.7.4/../../../../ba-elf/lib/mcpu_jn51xx_sizeopt\libc.a(lib_a-memcmp.o)
 .bss           0x0000000000000000        0x0 c:/mwsdk/tools/ba-elf-ba2-r36379/bin/../lib/gcc/ba-elf/4.7.4/../../../../ba-elf/lib/mcpu_jn51xx_sizeopt\libc.a(lib_a-memcmp.o)
 .data          0x0000000000000000        0x0 c:/mwsdk/tools/ba-elf-ba2-r36379/bin/../lib/gcc/ba-elf/4.7.4/../../../../ba-elf/lib/mcpu_jn51xx_sizeopt\libc.a(lib_a-memcpy.o)
 .bss           0x0000000000000000        0x0 c:/mwsdk/tools/ba-elf-ba2-r36379/bin/../lib/gcc/ba-elf/4.7.4/../../../../ba-elf/lib/mcpu_jn51xx_sizeopt\libc.a(lib_a-memcpy.o)
 .data          0x0000000000000000        0x0 c:/mwsdk/tools/ba-elf-ba2-r36379/bin/../lib/gcc/ba-elf/4.7.4/../../../../ba-elf/lib/mcpu_jn51xx_sizeopt\libc.a(lib_a-memset.o)
 .bss           0x0000000000000000        0x0 c:/mwsdk/tools/ba-elf-ba2-r36379/bin/../lib/gcc/ba-elf/4.7.4/../../../../ba-elf/lib/mcpu_jn51xx_sizeopt\libc.a(lib_a-memset.o)
 .data          0x0000000000000000        0x0 c:/mwsdk/tools/ba-elf-ba2-r36379/bin/../lib/gcc/ba-elf/4.7.4/mcpu_jn51xx_sizeopt\libgcc.a(__udivsi3.o)
 .bss           0x0000000000000000        0x0 c:/mwsdk/tools/ba-elf-ba2-r36379/bin/../lib/gcc/ba-elf/4.7.4/mcpu_jn51xx_sizeopt\libgcc.a(__udivsi3.o)
 .data          0x0000000000000000        0x0 c:/mwsdk/tools/ba-elf-ba2-r36379/bin/../lib/gcc/ba-elf/4.7.4/mcpu_jn51xx_sizeopt\libgcc.a(__divsi3.o)
 .bss           0x0000000000000000        0x0 c:/mwsdk/tools/ba-elf-ba2-r36379/bin/../lib/gcc/ba-elf/4.7.4/mcpu_jn51xx_sizeopt\libgcc.a(__divsi3.o)
 .data          0x0000000000000000        0x0 c:/mwsdk/tools/ba-elf-ba2-r36379/bin/../lib/gcc/ba-elf/4.7.4/mcpu_jn51xx_sizeopt\libgcc.a(__umodsi3.o)
 .bss           0x0000000000000000        0x0 c:/mwsdk/tools/ba-elf-ba2-r36379/bin/../lib/gcc/ba-elf/4.7.4/mcpu_jn51xx_sizeopt\libgcc.a(__umodsi3.o)
 .text          0x0000000000000000        0x0 ToCoNet_event.o (symbol from plugin)
 .text          0x0000000000000000        0x0 ToCoNet_main.o (symbol from plugin)
 .text          0x0000000000000000        0x0 ToCoNet_utils.o (symbol from plugin)
 .text          0x0000000000000000        0x0 ToCoNet_mod_Tx.o (symbol from plugin)
 .text          0x0000000000000000        0x0 ToCoNet_mod_TxRxQueue.o (symbol from plugin)
 .text          0x0000000000000000        0x0 ToCoNet_mod_Nwk_Common.o (symbol from plugin)
 .text          0x0000000000000000        0x0 ToCoNet_mod_Channel_Mgr.o (symbol from plugin)
 .text          0x0000000000000000        0x0 Version.o (symbol from plugin)
 .text          0x0000000000000000        0x0 AppQueueApi_ToCoNet.o (symbol from plugin)
 .text          0x0000000000000000        0x0 AppStart.o (symbol from plugin)
 .text          0x0000000000000000        0x0 getMacAddr.o (symbol from plugin)
 .text          0x0000000000000000        0x0 mac.o (symbol from plugin)
 .text          0x0000000000000000        0x0 AES_CCM.o (symbol from plugin)
 .text          0x0000000000000000        0x0 no_ack_handler.o (symbol from plugin)
 .text          0x0000000000000000        0x0 Version.o (symbol from plugin)
 .text          0x0000000000000000        0x0 serial.o (symbol from plugin)
 .text          0x0000000000000000        0x0 uart.o (symbol from plugin)
 .text          0x0000000000000000        0x0 ByteQueue.o (symbol from plugin)
 .text          0x0000000000000000        0x0 ccitt8.o (symbol from plugin)
 .text          0x0000000000000000        0x0 fprintf.o (symbol from plugin)
 .text          0x0000000000000000        0x0 sprintf.o (symbol from plugin)
 .text          0x0000000000000000        0x0 utils.o (symbol from plugin)
 .text          0x0000000000000000        0x0 ccm.o (symbol from plugin)
 .text          0x0000000000000000        0x0 Version.o (symbol from plugin)
 .text          0x0000000000000000        0x0 aescrypt.o (symbol from plugin)
 .text          0x0000000000000000        0x0 aeskey.o (symbol from plugin)
 .text          0x0000000000000000        0x0 aestab.o (symbol from plugin)
 .text          0x0000000000000000        0x0 AppApi.o (symbol from plugin)
 .text          0x0000000000000000        0x0 AppApiSleep.o (symbol from plugin)
 .text          0x0000000000000000        0x0 mac_main.o (symbol from plugin)
 .text          0x0000000000000000        0x0 mac_mcps.o (symbol from plugin)
 .text          0x0000000000000000        0x0 mac_mlme.o (symbol from plugin)
 .text          0x0000000000000000        0x0 mac_pib.o (symbol from plugin)
 .text          0x0000000000000000        0x0 mac_pib_mlme.o (symbol from plugin)
 .text          0x0000000000000000        0x0 mac_pmic.o (symbol from plugin)
 .text          0x0000000000000000        0x0 mac_ind.o (symbol from plugin)
 .text          0x0000000000000000        0x0 mac_scan.o (symbol from plugin)
 .text          0x0000000000000000        0x0 mac_lp.o (symbol from plugin)
 .text          0x0000000000000000        0x0 MCPS.o (symbol from plugin)
 .text          0x0000000000000000        0x0 phy_pib.o (symbol from plugin)
 .text          0x0000000000000000        0x0 TAM.o (symbol from plugin)
 .text          0x0000000000000000        0x0 TAMCO.o (symbol from plugin)
 .text          0x0000000000000000        0x0 TAMDE.o (symbol from plugin)
 .text          0x0000000000000000        0x0 TAM_MEM.o (symbol from plugin)
 .text          0x0000000000000000        0x0 TAM_MLME.o (symbol from plugin)
 .text          0x0000000000000000        0x0 TAM_TAH.o (symbol from plugin)
 .text          0x0000000000000000        0x0 TAM_TAI.o (symbol from plugin)
 .text          0x0000000000000000        0x0 TAM_TAT.o (symbol from plugin)
 .text          0x0000000000000000        0x0 TAMcommon.o (symbol from plugin)
 .text          0x0000000000000000        0x0 TAMevent.o (symbol from plugin)
 .text          0x0000000000000000        0x0 TAMqueue.o (symbol from plugin)
 .text          0x0000000000000000        0x0 TAMrxEnable.o (symbol from plugin)
 .text          0x0000000000000000        0x0 TAMsecurity.o (symbol from plugin)
 .text          0x0000000000000000        0x0 TAMsideways.o (symbol from plugin)
 .text          0x0000000000000000        0x0 TAMtime.o (symbol from plugin)
 .text          0x0000000000000000        0x0 TAM_AES.o (symbol from plugin)
 .text          0x0000000000000000        0x0 Endian.o (symbol from plugin)
 .text          0x0000000000000000        0x0 mac_acl.o (symbol from plugin)
 .text          0x0000000000000000        0x0 mac_misc.o (symbol from plugin)
 .text          0x0000000000000000        0x0 tsv_main.o (symbol from plugin)
 .text          0x0000000000000000        0x0 xcv_main.o (symbol from plugin)
 .text          0x0000000000000000        0x0 xcv_access.o (symbol from plugin)
 .text          0x0000000000000000        0x0 xcv_isr.o (symbol from plugin)
 .text          0x0000000000000000        0x0 MMAC.o (symbol from plugin)
 .text          0x0000000000000000        0x0 MMAC_RadioInit_JN5169.o (symbol from plugin)
 .text          0x0000000000000000        0x0 JPT_RadioTxPowerTests.o (symbol from plugin)
 .text          0x0000000000000000        0x0 JPT_RadioSettings_JN5169.o (symbol from plugin)
 .text          0x0000000000000000        0x0 AEScoprocessorCCM.o (symbol from plugin)
 .text          0x0000000000000000        0x0 AES_CCM_Star.o (symbol from plugin)
 .text          0x0000000000000000        0x0 AEScoprocessorAPI.o (symbol from plugin)
 .text          0x0000000000000000        0x0 AHI_Analogue.o (symbol from plugin)
 .text          0x0000000000000000        0x0 AHI_BrownOut.o (symbol from plugin)
 .text          0x0000000000000000        0x0 AHI_Dio.o (symbol from plugin)
 .text          0x0000000000000000        0x0 AHI_Reset.o (symbol from plugin)
 .text          0x0000000000000000        0x0 AHI_Spi.o (symbol from plugin)
 .text          0x0000000000000000        0x0 AHI_System.o (symbol from plugin)
 .text          0x0000000000000000        0x0 AHI_Timer.o (symbol from plugin)
 .text          0x0000000000000000        0x0 AHI_TimerInt.o (symbol from plugin)
 .text          0x0000000000000000        0x0 AHI_Uart.o (symbol from plugin)
 .text          0x0000000000000000        0x0 AHI_WakeTimer.o (symbol from plugin)
 .text          0x0000000000000000        0x0 AHI_Flash.o (symbol from plugin)
 .text          0x0000000000000000        0x0 AHI_Infrared.o (symbol from plugin)
 .text          0x0000000000000000        0x0 InternalFlashApi.o (symbol from plugin)
 .text          0x0000000000000000        0x0 AHI_FlashIndexSector.o (symbol from plugin)
 .text          0x0000000000000000        0x0 AHI_Si.o (symbol from plugin)
 .text          0x0000000000000000        0x0 AHI_TickTimer.o (symbol from plugin)
 .data          0x0000000000000000        0x0 c:/MWSDK/ChipLib/SW4063V1416/Components/Library\libHardwareApi_JN5169.a(AHI_Interrupt.o)
 .bss           0x0000000000000000        0x0 c:/MWSDK/ChipLib/SW4063V1416/Components/Library\libHardwareApi_JN5169.a(AHI_Interrupt.o)
 .text          0x0000000000000000        0x0 AHI_Init.o (symbol from plugin)
 .text          0x0000000000000000        0x0 AHI_SpiSlave.o (symbol from plugin)
 .text          0x0000000000000000        0x0 MicroInt_ba.o (symbol from plugin)
 .text          0x0000000000000000        0x0 c:/MWSDK/ChipLib/SW4063V1416/Components/Library\libMicroSpecific_JN516x.a(MicroSyscall_ba.o)
 .data          0x0000000000000000        0x0 c:/MWSDK/ChipLib/SW4063V1416/Components/Library\libMicroSpecific_JN516x.a(MicroSyscall_ba.o)
 .bss           0x0000000000000000        0x0 c:/MWSDK/ChipLib/SW4063V1416/Components/Library\libMicroSpecific_JN516x.a(MicroSyscall_ba.o)
 .text          0x0000000000000000        0x0 Heap.o (symbol from plugin)
 .text          0x0000000000000000        0x0 c:/MWSDK/ChipLib/SW4063V1416/Components/Library\libBoot_JN516x.a(ExceptionHandler.o)
 .data          0x0000000000000000        0x0 c:/MWSDK/ChipLib/SW4063V1416/Components/Library\libBoot_JN516x.a(ExceptionHandler.o)
 .bss           0x0000000000000000        0x0 c:/MWSDK/ChipLib/SW4063V1416/Components/Library\libBoot_JN516x.a(ExceptionHandler.o)
 .text          0x0000000000000000        0x0 AppHousekeeping.o (symbol from plugin)
 .text          0x0000000000000000        0x0 AEScoprocessorAPIinterrupts.o (symbol from plugin)

Memory Configuration

Name             Origin             Length             Attributes
flash            0x0000000000080000 0x0000000000080000
ram              0x000000000400004c 0x0000000000007fb4
*default*        0x0000000000000000 0xffffffffffffffff

Linker script and memory map

LOAD objs_RED/Main.o
LOAD C:\Users\Maeoka\AppData\Local\Temp\ccSfo1cc.ltrans0.ltrans.o
LOAD C:\Users\Maeoka\AppData\Local\Temp\ccSfo1cc.ltrans1.ltrans.o
LOAD C:\Users\Maeoka\AppData\Local\Temp\ccSfo1cc.ltrans2.ltrans.o
LOAD C:\Users\Maeoka\AppData\Local\Temp\ccSfo1cc.ltrans3.ltrans.o
LOAD C:\Users\Maeoka\AppData\Local\Temp\ccSfo1cc.ltrans4.ltrans.o
LOAD C:\Users\Maeoka\AppData\Local\Temp\ccSfo1cc.ltrans5.ltrans.o
LOAD C:\Users\Maeoka\AppData\Local\Temp\ccSfo1cc.ltrans6.ltrans.o
LOAD C:\Users\Maeoka\AppData\Local\Temp\ccSfo1cc.ltrans7.ltrans.o
LOAD C:\Users\Maeoka\AppData\Local\Temp\ccSfo1cc.ltrans8.ltrans.o
LOAD C:\Users\Maeoka\AppData\Local\Temp\ccSfo1cc.ltrans9.ltrans.o
LOAD C:\Users\Maeoka\AppData\Local\Temp\ccSfo1cc.ltrans10.ltrans.o
LOAD C:\Users\Maeoka\AppData\Local\Temp\ccSfo1cc.ltrans11.ltrans.o
LOAD C:\Users\Maeoka\AppData\Local\Temp\ccSfo1cc.ltrans12.ltrans.o
LOAD C:\Users\Maeoka\AppData\Local\Temp\ccSfo1cc.ltrans13.ltrans.o
LOAD C:\Users\Maeoka\AppData\Local\Temp\ccSfo1cc.ltrans14.ltrans.o
LOAD C:\Users\Maeoka\AppData\Local\Temp\ccSfo1cc.ltrans15.ltrans.o
LOAD c:/mwsdk/tools/ba-elf-ba2-r36379/bin/../lib/gcc/ba-elf/4.7.4/../../../../ba-elf/lib/mcpu_jn51xx_sizeopt\libc.a
LOAD c:/mwsdk/tools/ba-elf-ba2-r36379/bin/../lib/gcc/ba-elf/4.7.4/mcpu_jn51xx_sizeopt\libgcc.a
LOAD c:/mwsdk/tools/ba-elf-ba2-r36379/bin/../lib/gcc/ba-elf/4.7.4/../../../../ba-elf/lib/mcpu_jn51xx_sizeopt\libc.a
LOAD c:/MWSDK/Wks_TWELITE/Current-Test/../../TWENET/L1200/lib/libTWENET_RED.a
LOAD c:/MWSDK/Wks_TWELITE/Current-Test/../../TWENET/L1200/lib/libTWENEText_RED.a
LOAD c:/MWSDK/Wks_TWELITE/Current-Test/../../TWENET/L1200/lib/libTWENETutils_RED.a
START GROUP
LOAD c:/MWSDK/ChipLib/SW4063V1416/Components/Library\libAppApi_JN5169.a
LOAD c:/MWSDK/ChipLib/SW4063V1416/Components/Library\libMAC_JN5169.a
LOAD c:/MWSDK/ChipLib/SW4063V1416/Components/Library\libTimerServer_JN516x.a
LOAD c:/MWSDK/ChipLib/SW4063V1416/Components/Library\libTOF_JN516x.a
LOAD c:/MWSDK/ChipLib/SW4063V1416/Components/Library\libXcv_JN5169.a
LOAD c:/MWSDK/ChipLib/SW4063V1416/Components/Library\libMMAC_JN5169.a
LOAD c:/MWSDK/ChipLib/SW4063V1416/Components/Library\libJPT_JN5169.a
LOAD c:/MWSDK/ChipLib/SW4063V1416/Components/Library\libAes_JN516x.a
LOAD c:/MWSDK/ChipLib/SW4063V1416/Components/Library\libHardwareApi_JN5169.a
LOAD c:/MWSDK/ChipLib/SW4063V1416/Components/Library\libMicroSpecific_JN516x.a
LOAD c:/MWSDK/ChipLib/SW4063V1416/Components/Library\libBoot_JN516x.a
LOAD c:/MWSDK/ChipLib/SW4063V1416/Components/Library\libPDM_EEPROM_JN516x_NO_RTOS.a
LOAD c:/MWSDK/Wks_TWELITE/Current-Test/../../TWENET/L1200/lib/libTWENET_RED.a
LOAD c:/MWSDK/Wks_TWELITE/Current-Test/../../TWENET/L1200/lib/libTWENEText_RED.a
LOAD c:/MWSDK/Wks_TWELITE/Current-Test/../../TWENET/L1200/lib/libTWENETutils_RED.a
END GROUP
LOAD c:/mwsdk/tools/ba-elf-ba2-r36379/bin/../lib/gcc/ba-elf/4.7.4/../../../../ba-elf/lib/mcpu_jn51xx_sizeopt\libc.a
LOAD c:/mwsdk/tools/ba-elf-ba2-r36379/bin/../lib/gcc/ba-elf/4.7.4/mcpu_jn51xx_sizeopt\libgcc.a
LOAD c:/mwsdk/tools/ba-elf-ba2-r36379/bin/../lib/gcc/ba-elf/4.7.4/../../../../ba-elf/lib/mcpu_jn51xx_sizeopt\libc.a
                0x0000000000000800                _stack_size = 0x800
                0x0000000000080038                exception_vsr_table = 0x80038
                0x0000000004000000                pSPIflashFncTable = 0x4000000
                0x0000000000000044                restore_state = 0x44
                0x000000000000004a                bZSPIWaitWIPClear = 0x4a
                0x0000000000000050                u16ZSPIflashRDID = 0x50
                0x0000000000000056                u8SelectFlashChipType = 0x56
                0x000000000000005c                memcpy = 0x5c
                0x0000000000000066                vBootFlashProg = 0x66
                [0x0000000000000d16]                __minimum_heap_size = DEFINED (__minimum_heap_size)?__minimum_heap_size:0xd16
                [0x0000000000000800]                __stack_size = DEFINED (__stack_size)?__stack_size:0x800
                0x0000000000000000                _SwConfig = (DEFINED (g_bSWConf_Debug) | (DEFINED (g_bSWConf_AltDebugPort) << 0x1))

.version        0x000000000007fffc        0x4
                0x000000000007fffc        0x4 LONG 0xf03000b

.bir            0x0000000000080000       0x10
                0x0000000000080000                _flash_start = ABSOLUTE (.)
                0x0000000000080000                _flash_beg = ABSOLUTE (.)
                0x0000000000080000        0x4 LONG 0x12345678
                0x0000000000080004        0x4 LONG 0x11223344
                0x0000000000080008        0x4 LONG 0x55667788
                0x000000000008000c        0x1 BYTE 0x8
                0x000000000008000d        0x1 BYTE 0x1
                0x000000000008000e        0x2 SHORT 0x0

.flashheader    0x0000000000080010       0x28
                0x0000000000080010        0x4 LONG 0x0
                0x0000000000080014        0x4 LONG 0x0
                0x0000000000080018        0x4 LONG 0x0
                0x000000000008001c        0x2 SHORT 0x0
                0x000000000008001e        0x2 SHORT 0x0 ABSOLUTE (_SwConfig)
                0x0000000000080020                _enc_start = ABSOLUTE (.)
                0x0000000000080020        0x4 LONG 0xa368 ABSOLUTE (_image_len)
                0x0000000000080024        0x4 LONG 0x8a35c ABSOLUTE (_flash_data_start)
                0x0000000000080028        0x2 SHORT 0x13 ((ABSOLUTE (_ram_data_start) / 0x4) & 0xffff)
                0x000000000008002a        0x2 SHORT 0x3 ((ABSOLUTE (_ram_data_len) / 0x4) & 0xffff)
                0x000000000008002c        0x2 SHORT 0x16 ((ABSOLUTE (_bss_start) / 0x4) & 0xffff)
                0x000000000008002e        0x2 SHORT 0x669 ((ABSOLUTE (_bss_len) / 0x4) & 0xffff)
                0x0000000000080030        0x4 LONG 0x85448 ABSOLUTE (AppWarmStart)
                0x0000000000080034        0x4 LONG 0x89997 ABSOLUTE (AppColdStart)
                0x0000000000000000                _enc_offset = (_enc_start & 0xf)
                0x0000000000000044                PROVIDE (vException_BusError, restore_state)
                0x0000000000000044                PROVIDE (vException_UnalignedAccess, restore_state)
                0x0000000000000044                PROVIDE (vException_IllegalInstruction, restore_state)
                0x0000000000000044                PROVIDE (vException_SysCall, restore_state)
                0x0000000000000044                PROVIDE (vException_Trap, restore_state)
                0x0000000000000044                PROVIDE (vException_StackOverflow, restore_state)
                0x0000000000080038                . = ABSOLUTE (exception_vsr_table)

.vsr_table      0x0000000000080038       0x18
                0x0000000000080038        0x4 LONG 0x44 ABSOLUTE (vException_BusError)
                0x000000000008003c        0x4 LONG 0x44 ABSOLUTE (vException_UnalignedAccess)
                0x0000000000080040        0x4 LONG 0x44 ABSOLUTE (vException_IllegalInstruction)
                0x0000000000080044        0x4 LONG 0x44 ABSOLUTE (vException_SysCall)
                0x0000000000080048        0x4 LONG 0x44 ABSOLUTE (vException_Trap)
                0x000000000008004c        0x4 LONG 0x44 ABSOLUTE (vException_StackOverflow)

.vsr_handlers   0x0000000000080050       0xaa
 *(.vsr_handlers)
 .vsr_handlers  0x0000000000080050       0xaa c:/MWSDK/ChipLib/SW4063V1416/Components/Library\libBoot_JN516x.a(ExceptionHandler.o)
                0x0000000000080050                _exception_external_interrupt
                0x00000000000800f8                _default_vsr_dummy

.rodata         0x00000000000800fc      0x53c
 *(.rodata*)
 .rodata.str1.1
                0x00000000000800fc        0x7 C:\Users\Maeoka\AppData\Local\Temp\ccSfo1cc.ltrans0.ltrans.o
 *fill*         0x0000000000080103        0x1 00
 .rodata        0x0000000000080104       0x28 C:\Users\Maeoka\AppData\Local\Temp\ccSfo1cc.ltrans0.ltrans.o
                0x0000000000080104                aeTimerInterruptDeviceIDlut.21030
 .rodata        0x000000000008012c       0xd4 C:\Users\Maeoka\AppData\Local\Temp\ccSfo1cc.ltrans1.ltrans.o
                0x000000000008012c                s_aprScanHandleEvt.10463
                0x000000000008015c                apvActionCalls
                0x00000000000801e4                aprLPBMacVectorRamTable
                0x00000000000801f8                psTamMacContext
                0x00000000000801fc                psTAMcontext
 .rodata        0x0000000000080200        0x4 C:\Users\Maeoka\AppData\Local\Temp\ccSfo1cc.ltrans2.ltrans.o
 .rodata        0x0000000000080204       0x34 C:\Users\Maeoka\AppData\Local\Temp\ccSfo1cc.ltrans3.ltrans.o
                0x000000000008020c                psTamXcvContext
                0x0000000000080210                CSWTCH.35.20977.20977
                0x0000000000080224                au32TimerBaseAddress
 .rodata        0x0000000000080238       0x6b C:\Users\Maeoka\AppData\Local\Temp\ccSfo1cc.ltrans5.ltrans.o
 .rodata        0x00000000000802a3        0xa C:\Users\Maeoka\AppData\Local\Temp\ccSfo1cc.ltrans6.ltrans.o
 .rodata        0x00000000000802ad        0x6 C:\Users\Maeoka\AppData\Local\Temp\ccSfo1cc.ltrans7.ltrans.o
                0x00000000000802ad                aeXcvPhyEvtToScanEvt.5424.10466
 .rodata.str1.1
                0x00000000000802b3       0x98 C:\Users\Maeoka\AppData\Local\Temp\ccSfo1cc.ltrans8.ltrans.o
 .rodata        0x000000000008034b       0x17 C:\Users\Maeoka\AppData\Local\Temp\ccSfo1cc.ltrans8.ltrans.o
 .rodata.str1.1
                0x0000000000080362       0x22 C:\Users\Maeoka\AppData\Local\Temp\ccSfo1cc.ltrans9.ltrans.o
 .rodata        0x0000000000080384       0x38 C:\Users\Maeoka\AppData\Local\Temp\ccSfo1cc.ltrans9.ltrans.o
                0x0000000000080384                asStateFuncTbl.2398
 .rodata        0x00000000000803bc       0x18 C:\Users\Maeoka\AppData\Local\Temp\ccSfo1cc.ltrans10.ltrans.o
 .rodata        0x00000000000803d4      0x1cb C:\Users\Maeoka\AppData\Local\Temp\ccSfo1cc.ltrans11.ltrans.o
 .rodata.str1.1
                0x0000000000000000       0x11 C:\Users\Maeoka\AppData\Local\Temp\ccSfo1cc.ltrans12.ltrans.o
 *fill*         0x000000000008059f        0x1 00
 .rodata        0x00000000000805a0        0x8 C:\Users\Maeoka\AppData\Local\Temp\ccSfo1cc.ltrans14.ltrans.o
                0x00000000000805a0                au32UartAddrOffset
 .rodata.str1.1
                0x00000000000805a8       0x11 C:\Users\Maeoka\AppData\Local\Temp\ccSfo1cc.ltrans15.ltrans.o
 *fill*         0x00000000000805b9        0x3 00
 .rodata        0x00000000000805bc       0x7c C:\Users\Maeoka\AppData\Local\Temp\ccSfo1cc.ltrans15.ltrans.o
                0x00000000000805f0                u32MacLow_TOCOS
                0x00000000000805f4                u32MacHigh_TOCOS

.text           0x0000000000080638     0x9d22
 *(.text*)
 .text          0x0000000000080638      0xb3c C:\Users\Maeoka\AppData\Local\Temp\ccSfo1cc.ltrans0.ltrans.o
                0x0000000000080788                mac_vLPBStartTimer
                0x0000000000080981                vProcessEvCoreTx.2334
                0x0000000000080a6b                vMicroIntEnableOnly.constprop.56
                0x0000000000080a97                vfPrintf.constprop.49
                0x0000000000080c32                vAHI_ProtocolPower.constprop.41
                0x0000000000080c40                vMMAC_ConfigureRadio
                0x0000000000080deb                bAHI_SetClockRate
                0x0000000000080ef6                bAES_CCMstar
                0x0000000000080fc2                pvHeap_Alloc
                0x0000000000080fc5                u32AHI_Init
                0x0000000000081087                vMicroIntRestoreState
                0x0000000000081093                QUEUE__u8RemoveItem
                0x00000000000810ed                QUEUE__vAddItem.constprop.55
                0x000000000008111f                vHnd_E_STATE_IDLE.2357
 .text.unlikely
                0x0000000000081174       0xb0 C:\Users\Maeoka\AppData\Local\Temp\ccSfo1cc.ltrans0.ltrans.o
                0x0000000000081174                vAHI_TimerEnable.part.1.20844.constprop.22
                0x00000000000811df                vAHI_MemoryHold.20741
 .text          0x0000000000081224      0xba0 C:\Users\Maeoka\AppData\Local\Temp\ccSfo1cc.ltrans1.ltrans.o
                0x0000000000081224                eWBRTTxDone.10120
                0x0000000000081242                vTAMCOframeTXgoingIdle
                0x000000000008125b                vTAMCOframeTXcap
                0x000000000008127f                eWCoRRxDone.10111
                0x0000000000081329                eWBcnRxDone.10123
                0x0000000000081912                vTAMCOframeRXcap
                0x0000000000081924                vTAMCOframeRXgoingIdle
                0x000000000008193a                vTAMCOframeRXnobeacon
                0x000000000008194c                vTAMDEframeRX
                0x0000000000081974                vTAMDEframeRXtrackingDR
                0x00000000000819b7                vTAMDEframePreSyncReq
                0x00000000000819cf                vTAMCOframeTXbeacon
                0x0000000000081a96                vTAMDEframeRXsyncReq
                0x0000000000081ce5                vTAMDEint1FiredTrackingCAPgts
                0x0000000000081d96                eWONTTxDone.10117
 .text          0x0000000000081dc4      0xb2b C:\Users\Maeoka\AppData\Local\Temp\ccSfo1cc.ltrans2.ltrans.o
                0x0000000000081dc4                vTACintRXheader
                0x00000000000825bf                vTAMCOreqTXinCAP
                0x00000000000825e5                vTrySendFromDirectCAP.12698
                0x0000000000082601                vTrySendFromDirectNoBeacon.12702
                0x000000000008262d                vTAMCOint1Fired
                0x0000000000082749                vTAMCOstartBeacon
                0x0000000000082784                vStartStoreValues.12766
                0x000000000008283b                bStartCallback.12795
                0x000000000008286a                vTAMCOint1FiredCAP
                0x00000000000828dd                vTAMCOreqTXnoBeacon
 .text          0x00000000000828ef      0x342 C:\Users\Maeoka\AppData\Local\Temp\ccSfo1cc.ltrans3.ltrans.o
                0x00000000000828ef                u32AppApiDefInit
                0x0000000000082bca                vProcessEvCoreMac
 .text.unlikely
                0x0000000000082c31      0x484 C:\Users\Maeoka\AppData\Local\Temp\ccSfo1cc.ltrans3.ltrans.o
                0x0000000000082c31                ToCoNet_vStart
 .text          0x00000000000830b5      0xbe9 C:\Users\Maeoka\AppData\Local\Temp\ccSfo1cc.ltrans4.ltrans.o
                0x00000000000830b5                vAHI_IntHandlerSysCtrl
                0x000000000008310f                vAHI_IntHandlerUart1
                0x000000000008313a                vAHI_IntHandlerUart0
                0x0000000000083165                vAHI_IntHandlerTimer4
                0x0000000000083186                vAHI_IntHandlerTimer3
                0x00000000000831a7                vAHI_IntHandlerTimer1
                0x00000000000831c7                vAHI_IntHandlerTimer0
                0x00000000000831e8                vTimerCallback.20624
                0x00000000000831f3                vAHI_IntHandlerSpiMaster
                0x0000000000083219                vAHI_IntHandlerAnalogPeriph
                0x0000000000083239                vTTIBLETimerExpired
                0x0000000000083244                vTTITimer2Expired
                0x0000000000083249                vTTITimer1Expired
                0x000000000008324e                vTAM_TxRetryTimeout
                0x0000000000083253                vAHI_WakeTimerStop.part.3.21309
                0x0000000000083273                mac_vLPBStopTimer
                0x000000000008327d                vAHI_UartSetRTSCTS.part.15.21090
                0x00000000000832a4                vAHI_UartReset.part.4.21063
                0x00000000000832dc                vAHI_UartSetBaudDivisor.part.1.21043
                0x000000000008331b                vAHI_WatchdogStop
                0x0000000000083332                vACI_CmdWaitBusy
                0x0000000000083396                vACI_OptimisedCcmStar
                0x00000000000835ae                vTAIdisableInterrupt
                0x00000000000835c7                psRemove.part.0.19663
                0x00000000000835f6                vMAC_MISCpollConfirm
                0x0000000000083627                MAC_u8AclFindInfo
                0x0000000000083751                vTASretrieveSecurity
                0x0000000000083773                MAC_bLookUpKeyDescriptor.17215
                0x00000000000837ed                u8TSCframeIncrease
                0x0000000000083826                bUpdateTime.15443
                0x0000000000083861                vTACbuildBeacon
                0x0000000000083a69                vTSCpostTransmitUpdate
                0x0000000000083a99                vCopyToDataFromMacAddr.17125
                0x0000000000083acc                bTSCgetOutgoingInfo
                0x0000000000083bd5                vDoGoOff.16405
                0x0000000000083bef                psTAQsearchFifo
                0x0000000000083c38                bTAQremoveFromFifo
                0x0000000000083c75                vTTITransactionTimerExpired
 .text.unlikely
                0x0000000000083c9e       0x38 C:\Users\Maeoka\AppData\Local\Temp\ccSfo1cc.ltrans4.ltrans.o
                0x0000000000083c9e                vAHI_CpuDoze
                0x0000000000083cb1                vStartXtal32kExternalRc.20638
                0x0000000000083cc2                vAHI_DioSetDirection
 .text          0x0000000000083cd6      0xb8f C:\Users\Maeoka\AppData\Local\Temp\ccSfo1cc.ltrans5.ltrans.o
                0x0000000000083cd6                vHnd_E_STATE_RUNNING.2373
                0x0000000000083f28                vMCPSframeReceived
                0x0000000000083feb                bAHI_ReadMACID
                0x0000000000084031                vTAMRXEsetPhy
                0x00000000000840f4                vTAHsetPhyState
                0x0000000000084124                vTAMCOint2Fired
                0x0000000000084144                vSetPHYfromMacValue.13241
                0x0000000000084176                vTAMDEint1FiredWaitDR
                0x0000000000084183                vTACsetPHYfromMacValue
                0x00000000000841a4                vTAMRXEsetReceiveForPibChange
                0x00000000000841e4                vMLMEbeaconNotify
                0x0000000000084342                vExpireHead.19668
                0x0000000000084372                ToCoNet_vInit
                0x000000000008469d                vMMAC_SetChannelAndPower
                0x0000000000084846                vPhySetChannel
 .text.unlikely
                0x0000000000084865       0x88 C:\Users\Maeoka\AppData\Local\Temp\ccSfo1cc.ltrans5.ltrans.o
                0x0000000000084865                Delay.20642.constprop.18
                0x00000000000848de                u32AppQApiInitInt_PATCH
 .text          0x00000000000848ed      0xa86 C:\Users\Maeoka\AppData\Local\Temp\ccSfo1cc.ltrans6.ltrans.o
                0x0000000000084a4d                bAES_CCM_EncodeKey
                0x0000000000084afa                vHnd_E_STATE_FINISH_TX_FAIL.2342
                0x0000000000084bb5                vHnd_E_STATE_FINISH_TX_SUCCESS.2347
                0x0000000000084c4c                SERIAL_vTxReady
                0x0000000000084c84                vAppQApiPostHwIntT.3018
                0x0000000000084d01                bTAM_AES_CCMstarPatch
                0x0000000000084e45                bTAM_AES_CCMstarPatch2006
                0x0000000000084f4c                vWriteFrame.14943
                0x0000000000085124                bTATsendFrame
                0x0000000000085177                vTrySendUnslotted.13243
                0x0000000000085190                bSendDataRequest.13245
                0x00000000000852a2                bProcessBeaconRX.13248
 *fill*         0x0000000000085373        0x1 00
 .text          0x0000000000085374      0xa28 C:\Users\Maeoka\AppData\Local\Temp\ccSfo1cc.ltrans7.ltrans.o
                0x0000000000085374                vPostDcfm.10107
                0x0000000000085448                AppWarmStart
                0x00000000000854be                vSetNextChannel.10155
                0x0000000000085517                MAC_vHandleMlmeReqRsp
                0x0000000000085cc5                vTAMDEint1FiredTracking
                0x0000000000085d35                vTAMDEint1FiredSyncReq
 .text          0x0000000000085d9c      0x70f C:\Users\Maeoka\AppData\Local\Temp\ccSfo1cc.ltrans8.ltrans.o
                0x0000000000085d9c                UART_vHandleUartInterrupt.4441
                0x0000000000085e27                vRxChar.4341
                0x0000000000085ead                SERIAL_bTxChar
                0x0000000000085f5a                vXCV_IntHandlerPhy
                0x000000000008600c                vScanHandleTimer.9720
                0x0000000000086011                bAES_CCM_DecodeKey
                0x00000000000860cd                vProcessEvCore.1358
                0x000000000008629b                vXCV_IntHandlerBbc
                0x000000000008633e                u8TAM_AES_WriteAuxilliarySecurityHeaderIntoBuffer
                0x00000000000863b0                u32AHI_ReadIndexSectorBits.constprop.9
                0x0000000000086411                vTAIsetCapTime
                0x0000000000086432                vTAIsetRxEnableTime
                0x0000000000086453                vDoGoActive.16407
                0x0000000000086475                vTAMRXEint2Fired
 .text.unlikely
                0x00000000000864ab      0x10d C:\Users\Maeoka\AppData\Local\Temp\ccSfo1cc.ltrans8.ltrans.o
                0x00000000000864ab                bStartXtal32k.20648
 .text          0x00000000000865b8      0xb54 C:\Users\Maeoka\AppData\Local\Temp\ccSfo1cc.ltrans9.ltrans.o
                0x00000000000865b8                TSV_eStart
                0x000000000008669c                eTAStransmitRequest
                0x0000000000086a37                TSV_eOpen
                0x0000000000086a3f                vAppApiDefRestoreMacSettings
                0x0000000000086b26                vAppApiDefSaveMacSettings
                0x0000000000086b83                mac_vLPBSleep
                0x0000000000086c56                pvAppApiDefGetMacAddrLocation
                0x0000000000086c5f                eAppApiDefPlmeGet
                0x0000000000086cb1                vHnd_E_STATE_PREPARE_TX.2352
 *fill*         0x000000000008710c        0x0 00
 .text          0x000000000008710c      0x96c C:\Users\Maeoka\AppData\Local\Temp\ccSfo1cc.ltrans10.ltrans.o
                0x000000000008710c                vPMICassocReqTO_1.8544
                0x0000000000087194                vTAM_MCPSdataRequest
                0x00000000000871d7                bTACcheckPANconflict
                0x0000000000087290                vTAMDEstartSync
                0x000000000008730f                eTAMselect
                0x0000000000087450                MAC_pvCtor
                0x0000000000087879                vDeterminePowerState.13365
                0x00000000000878fd                vTAMDEint1FiredTrackingBeacon
                0x000000000008799d                vTAMDEint2FiredTrackingDR
                0x00000000000879c2                vTAMDEframeTXtrackingDR
                0x0000000000087a1b                vTAMDEint2FiredPollActive
                0x0000000000087a4f                vTAMDEreqTXnullTrackingCAP
                0x0000000000087a68                vTAM_TxRetryTimer
 .text          0x0000000000087a78      0xad2 C:\Users\Maeoka\AppData\Local\Temp\ccSfo1cc.ltrans11.ltrans.o
                0x0000000000087a78                mac_vLPBAdjustBeaconOffset
                0x0000000000087ad5                mac_u32LPBGetBeaconTimeout
                0x0000000000087ade                eWEnDTmrExpiry.10104
                0x0000000000087ae9                eWEnDEdDone.10101
                0x0000000000087b44                eGenlDontCare.10098
                0x0000000000087b49                eGenlIllegal.9723
                0x0000000000087b50                u32GetTimer0
                0x0000000000087b57                vSetTimer0
                0x0000000000087b66                SPRINTF_bPutChar.4603
                0x0000000000087ba2                vHandlerPatch.4316
                0x0000000000087bd9                u8HwEventHandler.1709
                0x0000000000087bf8                vTAMinsertEvent
                0x0000000000087c5e                vTACsetTxFrameDefaults
                0x0000000000087c84                u8TACgetHeaderSize
                0x0000000000087cc1                u32TACpayloadToU32M
                0x0000000000087ce2                vTACu32ToPayloadM
                0x0000000000087cfa                bTACframeInProgress
                0x0000000000087d24                bTACassessBeaconForPayload
                0x0000000000087d75                bIsBbcSafeForTx
                0x0000000000087daa                vTATwriteAclMaterialToHardware
                0x0000000000087dcf                vTATsetBLE
                0x0000000000087e06                vTATgetFramePayload
                0x0000000000087e23                eTATreadTXstatus
                0x0000000000087e69                vTAHsetPhyStateDirect.part.0.14584
                0x0000000000087e85                vMEMreturn
                0x0000000000087ef6                vTACinformOriginator
                0x0000000000087f18                pvMEMget
                0x0000000000087f44                vTAMDEdetermineNullState
                0x0000000000087f5e                vTAMCOupdatePendingList
                0x0000000000088030                vTAMCOsetCoordinator
                0x0000000000088056                eScanHandleEvt.part.0.10134
                0x000000000008807f                mac_eDcfmIndPost
                0x00000000000880a0                mac_psDcfmIndGetBuf
                0x00000000000880c1                vMLMErxEnableConfirm
                0x00000000000880f3                vMLMEcommStatus
                0x0000000000088156                vMLMEcommStatusFromFrame
                0x000000000008819a                vMLMEsyncLoss
                0x00000000000881cd                vPMICpostFailedAssocDcfm
                0x0000000000088205                vPMICassocReqTO_2.8551
                0x000000000008821c                MAC_vPibSetPanId
                0x0000000000088237                vHandleTofRequest.6657
                0x000000000008823a                vAppApiDefSetPrbsSeed
                0x000000000008825e                u8CCITT8
                0x0000000000088284                Mac_vInit
                0x00000000000882d0                bAES_CCM_KeyReg
                0x000000000008830f                bFifoPush.3039
                0x0000000000088348                vAppQApiPostMlme.3025
                0x0000000000088367                vAppQApiPostMcps.3032
                0x0000000000088382                pvFifoPull.3036
                0x00000000000883a9                psAppQApiGetMlmeBuffer.3022
                0x00000000000883b1                psAppQApiGetMcpsBuffer.3029
                0x00000000000883b9                ToCoNet_vReg_mod_TxRxQueueMid
                0x000000000008843a                PRSEV_vSetState
                0x000000000008844a                PRSEV_u8Register
                0x000000000008847c                PRSEV_vProcessEv_core.1505
                0x0000000000088518                PRSEV_vProcessEvPost
 .text.unlikely
                0x000000000008854a        0xf C:\Users\Maeoka\AppData\Local\Temp\ccSfo1cc.ltrans11.ltrans.o
                0x000000000008854a                _PRSEV_vProcessEvSingleH
 .text          0x0000000000088559      0x6bd C:\Users\Maeoka\AppData\Local\Temp\ccSfo1cc.ltrans12.ltrans.o
                0x0000000000088559                ToCoNet_vMain
                0x0000000000088b82                ToCoNet_ChMgr_vCh_TxFin
                0x0000000000088baf                vHnd_E_STATE_WAIT_TX.2365
 *fill*         0x0000000000088c16        0x2 00
 .text          0x0000000000088c18      0x780 C:\Users\Maeoka\AppData\Local\Temp\ccSfo1cc.ltrans13.ltrans.o
                0x0000000000088c18                eGenTmrExpiry.10416
                0x0000000000088c5a                eWEDTEdDone.10419
                0x0000000000088c7e                TSV_eStop
                0x0000000000088d3c                bPMICdisassocReqSent.8540
                0x0000000000088df6                MAC_vHandleMcpsReqRsp
                0x0000000000088e83                bMCPSframeTXcomplete.11151
                0x0000000000088ed8                bSendSyncLoss.15378
                0x0000000000088ef0                bPollReqSent.18974
                0x0000000000088f08                bTASsendCommStatusInd
                0x0000000000088f1d                bAssocRespSent.8536
                0x0000000000088f30                eTACprocessFrameTXcomplete
                0x00000000000890ad                vTAMCOframeTXnobeacon
                0x00000000000890c2                vTAMCOframeStarting
                0x00000000000890db                vTAMDEframeTXDEnull
                0x00000000000890fe                vTAMDEframeTXtrackingCAPgts
                0x000000000008912a                bPMICassocReqSent.8532
                0x00000000000891ac                bPMICassocReqPollSent.8547
                0x0000000000089200                eWChCChanChgd.10131
 .text          0x0000000000089398      0x5e2 C:\Users\Maeoka\AppData\Local\Temp\ccSfo1cc.ltrans14.ltrans.o
                0x0000000000089398                eGenRxHdrDone.10114
                0x00000000000893a8                eAppApiDefPlmeSet
                0x0000000000089419                _ToCoNet_bRfChChannel
                0x0000000000089480                ToCoNet_ChMgr_bCh_Reconfig
                0x00000000000894e8                vAppApiDefMcpsRequest
                0x0000000000089513                vAppApiDefMlmeRequest
                0x000000000008953e                pvAppApiDefGetMacHandle
                0x0000000000089547                cbAppColdStart.part.1.1373
 .text.unlikely
                0x000000000008997a       0x1d C:\Users\Maeoka\AppData\Local\Temp\ccSfo1cc.ltrans14.ltrans.o
                0x000000000008997a                Mac_vReset
 .text          0x0000000000089997      0x551 C:\Users\Maeoka\AppData\Local\Temp\ccSfo1cc.ltrans15.ltrans.o
                0x0000000000089997                AppColdStart
 .text          0x0000000000089ee8       0x25 c:/mwsdk/tools/ba-elf-ba2-r36379/bin/../lib/gcc/ba-elf/4.7.4/../../../../ba-elf/lib/mcpu_jn51xx_sizeopt\libc.a(lib_a-memcmp.o)
                0x0000000000089ee8                memcmp
 .text          0x0000000000089f0d       0x19 c:/mwsdk/tools/ba-elf-ba2-r36379/bin/../lib/gcc/ba-elf/4.7.4/../../../../ba-elf/lib/mcpu_jn51xx_sizeopt\libc.a(lib_a-memcpy.o)
 .text          0x0000000000089f26       0x12 c:/mwsdk/tools/ba-elf-ba2-r36379/bin/../lib/gcc/ba-elf/4.7.4/../../../../ba-elf/lib/mcpu_jn51xx_sizeopt\libc.a(lib_a-memset.o)
                0x0000000000089f26                memset
 .text          0x0000000000089f38      0x204 c:/mwsdk/tools/ba-elf-ba2-r36379/bin/../lib/gcc/ba-elf/4.7.4/mcpu_jn51xx_sizeopt\libgcc.a(__udivsi3.o)
                0x0000000000089f38                __udivsi3
 .text          0x000000000008a13c       0x30 c:/mwsdk/tools/ba-elf-ba2-r36379/bin/../lib/gcc/ba-elf/4.7.4/mcpu_jn51xx_sizeopt\libgcc.a(__divsi3.o)
                0x000000000008a13c                __divsi3
 .text          0x000000000008a16c      0x1b0 c:/mwsdk/tools/ba-elf-ba2-r36379/bin/../lib/gcc/ba-elf/4.7.4/mcpu_jn51xx_sizeopt\libgcc.a(__umodsi3.o)
                0x000000000008a16c                __umodsi3
 .text          0x000000000008a31c       0x27 c:/MWSDK/ChipLib/SW4063V1416/Components/Library\libHardwareApi_JN5169.a(AHI_Interrupt.o)
                0x000000000008a31c                vAHI_InterruptSetPriority
                0x000000000008a33a                vAHI_InterruptSetActivePriorityLevel
 .text.vMicroSyscall
                0x000000000008a343       0x17 c:/MWSDK/ChipLib/SW4063V1416/Components/Library\libMicroSpecific_JN516x.a(MicroSyscall_ba.o)
                0x000000000008a343                vMicroSyscall
                0x000000000008a35a                _flash_end = ABSOLUTE (.)

.rela.dyn       0x000000000008a35c        0x0
 .rela.text     0x0000000000000000        0x0 C:\Users\Maeoka\AppData\Local\Temp\ccSfo1cc.ltrans0.ltrans.o
 .rela.data     0x0000000000000000        0x0 C:\Users\Maeoka\AppData\Local\Temp\ccSfo1cc.ltrans0.ltrans.o
 .rela.text.unlikely
                0x0000000000000000        0x0 C:\Users\Maeoka\AppData\Local\Temp\ccSfo1cc.ltrans0.ltrans.o
 .rela.rodata   0x0000000000000000        0x0 C:\Users\Maeoka\AppData\Local\Temp\ccSfo1cc.ltrans0.ltrans.o
                0x000000000400004c                . = ORIGIN (ram)

.data           0x000000000400004c        0xc load address 0x000000000008a35c
                0x000000000400004c                _ram_data_start = ABSOLUTE (.)
 *(.data*)
 .data          0x000000000400004c        0x8 C:\Users\Maeoka\AppData\Local\Temp\ccSfo1cc.ltrans0.ltrans.o
                0x000000000400004c                u32HeapStart
 .data          0x0000000004000054        0x1 C:\Users\Maeoka\AppData\Local\Temp\ccSfo1cc.ltrans9.ltrans.o
                0x0000000004000054                u8TxWkrNow.2475
 .data          0x0000000004000055        0x1 C:\Users\Maeoka\AppData\Local\Temp\ccSfo1cc.ltrans10.ltrans.o
 .data.initinboot
                0x0000000004000056        0x1 C:\Users\Maeoka\AppData\Local\Temp\ccSfo1cc.ltrans10.ltrans.o
                0x0000000004000056                gMAC_u8MaxBuffers
 *(.data.*)
                0x0000000004000058                . = ALIGN (0x4)
 *fill*         0x0000000004000057        0x1 00
                0x0000000004000058                _ram_data_end = ABSOLUTE (.)

.bss            0x0000000004000058     0x19a4 load address 0x000000000008a368
                0x0000000004000058                _bss_start = ABSOLUTE (.)
 *(.bss*)
 .bss           0x0000000004000058        0x1 C:\Users\Maeoka\AppData\Local\Temp\ccSfo1cc.ltrans0.ltrans.o
 *fill*         0x0000000004000059        0x3 00
 .bss.dontinitinboot
                0x000000000400005c        0x4 C:\Users\Maeoka\AppData\Local\Temp\ccSfo1cc.ltrans0.ltrans.o
 .bss           0x0000000004000060       0x40 C:\Users\Maeoka\AppData\Local\Temp\ccSfo1cc.ltrans1.ltrans.o
                0x0000000004000060                g_sLP
                0x000000000400009c                g_pvMac
 .bss.initinboot
                0x00000000040000a0      0x1c0 C:\Users\Maeoka\AppData\Local\Temp\ccSfo1cc.ltrans1.ltrans.o
                0x00000000040000a0                g_sMac
 .bss           0x0000000004000260        0x8 C:\Users\Maeoka\AppData\Local\Temp\ccSfo1cc.ltrans2.ltrans.o
 .bss           0x0000000004000268      0x170 C:\Users\Maeoka\AppData\Local\Temp\ccSfo1cc.ltrans3.ltrans.o
                0x0000000004000268                g_sXcv
                0x000000000400026c                prMcpsRequest.5545
                0x0000000004000270                prMlmeRequest.5544
                0x0000000004000274                prOriginalHandler.4320
                0x0000000004000278                psRxQueueList.4186
                0x000000000400028c                prTickTimeAppCallback
                0x0000000004000290                apfTimerAppCallback.21029
                0x00000000040002a4                au16TimerSettings.20978
                0x00000000040002b0                asEventHandler.1568
                0x0000000004000330                sEvVars
                0x000000000400034c                u32TickCount_ms
                0x0000000004000350                au8Txdatabuff_idx_sTxQueue
                0x0000000004000354                u8TxBuffSiz_sTxQueue
                0x0000000004000358                sTxdatabuff_sTxQueue
                0x000000000400035c                sTxQueue
                0x0000000004000378                au8Rxdatabuff_idx_sRxQueue
                0x000000000400037c                u8RxBuffSiz_sRxQueue
                0x0000000004000380                sRxdatabuff_sRxQueue
                0x0000000004000384                sRxQueue
                0x00000000040003a0                au8Rxdatabuff_idx_sRxQueueCmd
                0x00000000040003a4                u8RxBuffSiz_sRxQueueCmd
                0x00000000040003a8                sRxdatabuff_sRxQueueCmd
                0x00000000040003ac                sRxQueueCmd.2006
 .bss           0x00000000040003d8        0x4 C:\Users\Maeoka\AppData\Local\Temp\ccSfo1cc.ltrans4.ltrans.o
 .bss           0x00000000040003dc      0x734 C:\Users\Maeoka\AppData\Local\Temp\ccSfo1cc.ltrans5.ltrans.o
                0x00000000040003dc                prApAppCallback.20453
                0x00000000040003e0                prSpiAppCallback.20612
                0x00000000040003e4                prSiAppCallback.21829
                0x00000000040003e8                prAppMcpsCallback.3261
                0x00000000040003ec                prAppMlmeCallback.3262
                0x00000000040003f0                bTxEventQueued.16273
                0x00000000040003f1                u8TxEventStatus.16274
                0x00000000040003f2                gbTimeOutFlag.20816
                0x00000000040003f3                TxWorker_u8Num.2433
 .bss.initinboot
                0x0000000004000b10        0x4 C:\Users\Maeoka\AppData\Local\Temp\ccSfo1cc.ltrans5.ltrans.o
                0x0000000004000b10                prSysCtrlAppCallback.20820
 .bss           0x0000000004000b14        0x8 C:\Users\Maeoka\AppData\Local\Temp\ccSfo1cc.ltrans6.ltrans.o
                0x0000000004000b14                prAppHwCallback.3263
                0x0000000004000b18                bStartSend
 .bss.dontinitinboot
                0x0000000004000b1c        0x1 C:\Users\Maeoka\AppData\Local\Temp\ccSfo1cc.ltrans6.ltrans.o
 *fill*         0x0000000004000b1d        0x3 00
 .bss           0x0000000004000b20       0x70 C:\Users\Maeoka\AppData\Local\Temp\ccSfo1cc.ltrans7.ltrans.o
                0x0000000004000b20                sToCoNet_AppContext
                0x0000000004000b3c                sToCoNet_Context
                0x0000000004000b80                sAssocSecurity.9161
                0x0000000004000b8c                g_bJenieBackwardsCompatibilityMode
 .bss           0x0000000004000b90       0x1c C:\Users\Maeoka\AppData\Local\Temp\ccSfo1cc.ltrans8.ltrans.o
                0x0000000004000b90                sAppHousekeeping
 .bss           0x0000000004000bac       0x34 C:\Users\Maeoka\AppData\Local\Temp\ccSfo1cc.ltrans9.ltrans.o
                0x0000000004000bac                sCh_Context.2896
                0x0000000004000bb0                u8AppId_Pkt_head.4189
                0x0000000004000bb4                u32MyAddr.4188
                0x0000000004000bb8                u32AppId.4185
                0x0000000004000bbc                asTx.2432
 .bss.initinboot
                0x0000000004000be0        0x1 C:\Users\Maeoka\AppData\Local\Temp\ccSfo1cc.ltrans9.ltrans.o
 *fill*         0x0000000004000be1        0x3 00
 .bss           0x0000000004000be4        0x4 C:\Users\Maeoka\AppData\Local\Temp\ccSfo1cc.ltrans10.ltrans.o
                0x0000000004000be4                i8TxPower.11951
 .bss.initinboot
                0x0000000004000be8        0x8 C:\Users\Maeoka\AppData\Local\Temp\ccSfo1cc.ltrans10.ltrans.o
                0x0000000004000be8                g_u32MacAddrLocation
                0x0000000004000bec                prvUserTxStartedCallback
 .bss           0x0000000004000bf0      0xb04 C:\Users\Maeoka\AppData\Local\Temp\ccSfo1cc.ltrans11.ltrans.o
 .bss           0x00000000040016f4       0x6c C:\Users\Maeoka\AppData\Local\Temp\ccSfo1cc.ltrans12.ltrans.o
                0x00000000040016f4                sMcpsIndQueue.3257
                0x0000000004001704                bRxQueue_Init.4187
                0x0000000004001708                sMcpsIndBufferQueue.3255
                0x0000000004001718                sMlmeIndQueue.3258
                0x0000000004001728                sMlmeIndBufferQueue.3256
                0x0000000004001738                sHwIndQueue.3259
                0x0000000004001748                sHwIndBufferQueue.3260
 .bss           0x0000000004001760       0x14 C:\Users\Maeoka\AppData\Local\Temp\ccSfo1cc.ltrans13.ltrans.o
                0x0000000004001760                s_sTimerList
                0x0000000004001770                u8AssocResponsesInProgress.9160
 .bss           0x0000000004001774      0x1ac C:\Users\Maeoka\AppData\Local\Temp\ccSfo1cc.ltrans14.ltrans.o
                0x0000000004001774                prUart1AppCallback.21284
                0x0000000004001778                prUart0AppCallback.21283
                0x000000000400177c                asUARTS.4485
                0x000000000400179c                sOpt.4492
                0x00000000040017ac                asSerialPorts
                0x00000000040017e4                sSerStream.1454
                0x00000000040017ec                au8sprintf.4649
                0x00000000040017f0                SPRINTF_MAX_BUFF.4651
 .bss           0x0000000004001920       0x9c C:\Users\Maeoka\AppData\Local\Temp\ccSfo1cc.ltrans15.ltrans.o
                0x0000000004001920                sContext.4310
                0x000000000400194c                TWENET_u8RFdevice_minor.3614
                0x000000000400194d                TWENET_u8RFdevice_major.3613
                0x000000000400194e                _TWENET_TX_POWER_MAX
                0x0000000004001950                sToCoNet_Modules
 .bss.dontinitinboot
                0x00000000040019bc       0x40 c:/MWSDK/ChipLib/SW4063V1416/Components/Library\libBoot_JN516x.a(ExceptionHandler.o)
                0x00000000040019bc                isr_handlers
 *(.bss.*)
 *(.scommon*)
 *(.scommon.*)
 *(COMMON)
                0x00000000040019fc                . = ALIGN (0x4)
                0x00000000040019fc                _bss_end = ABSOLUTE (.)
                0x00000000040019fc                end = .

.heap           0x00000000040019fc      0xd16 load address 0x000000000008bd0c
                0x00000000040019fc                _heap_start = ABSOLUTE (.)
                0x0000000004002712                . = (. + __minimum_heap_size)
 *fill*         0x00000000040019fc      0xd16 00

.stack          0x0000000004007800      0x800 load address 0x0000000000091b10
                0x0000000004007800                _heap_end = ABSOLUTE (.)
                0x0000000004007800                _stack_low_water_mark = ABSOLUTE (.)
                0x0000000004008000                . = (. + __stack_size)
 *fill*         0x0000000004007800      0x800 00
                0x0000000004008000                _stack = .

.test           0x000000000008a368        0x1
                0x000000000008a368        0x1 BYTE 0xff
                0x000000000008a35c                _flash_data_start = LOADADDR (.data)
                0x000000000000000c                _ram_data_len = (((_ram_data_end - _ram_data_start) + 0x3) & 0xfffffffffffffffc)
                0x00000000000019a4                _bss_len = (((_bss_end - _bss_start) + 0x3) & 0xfffffffffffffffc)
                0x000000000000a368                _image_len = ((((_flash_end - _flash_start) + _ram_data_len) + 0x3) & 0xfffffffffffffffc)
                0x0000000004008000                _ram_top = (ABSOLUTE (ORIGIN (ram)) + 0x7fb4)
                0x0000000004008000                ram_top = (ABSOLUTE (ORIGIN (ram)) + 0x7fb4)
                0x0000000001001580                _app_ram_start = 0x1001580
                0x000000000400004c                PROVIDE (_heap_location, u32HeapStart)
                0x000000000400004c                PROVIDE (heap_location, u32HeapStart)
                0x0000000000086a37                TSV_eOpenVector = TSV_eOpen
                0x00000000000865b8                TSV_eStartVector = TSV_eStart
                0x0000000000088c7e                TSV_eStopVector = TSV_eStop
                0x000000000008953e                pvAppApiGetMacHandle = pvAppApiDefGetMacHandle
                0x00000000000828ef                u32AppApiInit = u32AppApiDefInit
                0x0000000000089513                vAppApiMlmeRequest = vAppApiDefMlmeRequest
                0x00000000000894e8                vAppApiMcpsRequest = vAppApiDefMcpsRequest
                0x00000000000893a8                eAppApiPlmeSet = eAppApiDefPlmeSet
                0x0000000000086c5f                eAppApiPlmeGet = eAppApiDefPlmeGet
                0x0000000000086c56                pvAppApiGetMacAddrLocation = pvAppApiDefGetMacAddrLocation
                0x0000000000086b26                vAppApiSaveMacSettings = vAppApiDefSaveMacSettings
                0x0000000000086a3f                vAppApiRestoreMacSettings = vAppApiDefRestoreMacSettings
OUTPUT(objs_RED/Current-Test_Main_RED_L1200_V0-1-1.elf elf32-ba)

.comment        0x0000000000000000       0x11
 .comment       0x0000000000000000       0x12 C:\Users\Maeoka\AppData\Local\Temp\ccSfo1cc.ltrans0.ltrans.o
 .comment       0x0000000000000000       0x12 C:\Users\Maeoka\AppData\Local\Temp\ccSfo1cc.ltrans1.ltrans.o
 .comment       0x0000000000000000       0x12 C:\Users\Maeoka\AppData\Local\Temp\ccSfo1cc.ltrans2.ltrans.o
 .comment       0x0000000000000000       0x12 C:\Users\Maeoka\AppData\Local\Temp\ccSfo1cc.ltrans3.ltrans.o
 .comment       0x0000000000000000       0x12 C:\Users\Maeoka\AppData\Local\Temp\ccSfo1cc.ltrans4.ltrans.o
 .comment       0x0000000000000000       0x12 C:\Users\Maeoka\AppData\Local\Temp\ccSfo1cc.ltrans5.ltrans.o
 .comment       0x0000000000000000       0x12 C:\Users\Maeoka\AppData\Local\Temp\ccSfo1cc.ltrans6.ltrans.o
 .comment       0x0000000000000000       0x12 C:\Users\Maeoka\AppData\Local\Temp\ccSfo1cc.ltrans7.ltrans.o
 .comment       0x0000000000000000       0x12 C:\Users\Maeoka\AppData\Local\Temp\ccSfo1cc.ltrans8.ltrans.o
 .comment       0x0000000000000000       0x12 C:\Users\Maeoka\AppData\Local\Temp\ccSfo1cc.ltrans9.ltrans.o
 .comment       0x0000000000000000       0x12 C:\Users\Maeoka\AppData\Local\Temp\ccSfo1cc.ltrans10.ltrans.o
 .comment       0x0000000000000000       0x12 C:\Users\Maeoka\AppData\Local\Temp\ccSfo1cc.ltrans11.ltrans.o
 .comment       0x0000000000000000       0x12 C:\Users\Maeoka\AppData\Local\Temp\ccSfo1cc.ltrans12.ltrans.o
 .comment       0x0000000000000000       0x12 C:\Users\Maeoka\AppData\Local\Temp\ccSfo1cc.ltrans13.ltrans.o
 .comment       0x0000000000000000       0x12 C:\Users\Maeoka\AppData\Local\Temp\ccSfo1cc.ltrans14.ltrans.o
 .comment       0x0000000000000000       0x12 C:\Users\Maeoka\AppData\Local\Temp\ccSfo1cc.ltrans15.ltrans.o
 .comment       0x0000000000000000       0x12 c:/mwsdk/tools/ba-elf-ba2-r36379/bin/../lib/gcc/ba-elf/4.7.4/../../../../ba-elf/lib/mcpu_jn51xx_sizeopt\libc.a(lib_a-memcmp.o)
 .comment       0x0000000000000000       0x12 c:/mwsdk/tools/ba-elf-ba2-r36379/bin/../lib/gcc/ba-elf/4.7.4/../../../../ba-elf/lib/mcpu_jn51xx_sizeopt\libc.a(lib_a-memcpy.o)
 .comment       0x0000000000000000       0x12 c:/mwsdk/tools/ba-elf-ba2-r36379/bin/../lib/gcc/ba-elf/4.7.4/../../../../ba-elf/lib/mcpu_jn51xx_sizeopt\libc.a(lib_a-memset.o)
 .comment       0x0000000000000000       0x11 c:/MWSDK/ChipLib/SW4063V1416/Components/Library\libMicroSpecific_JN516x.a(MicroSyscall_ba.o)
                                         0x12 (size before relaxing)

.debug_info     0x0000000000000000      0x596
 .debug_info    0x0000000000000000       0xf3 c:/mwsdk/tools/ba-elf-ba2-r36379/bin/../lib/gcc/ba-elf/4.7.4/../../../../ba-elf/lib/mcpu_jn51xx_sizeopt\libc.a(lib_a-memcmp.o)
 .debug_info    0x00000000000000f3      0x106 c:/mwsdk/tools/ba-elf-ba2-r36379/bin/../lib/gcc/ba-elf/4.7.4/../../../../ba-elf/lib/mcpu_jn51xx_sizeopt\libc.a(lib_a-memcpy.o)
 .debug_info    0x00000000000001f9       0xd7 c:/mwsdk/tools/ba-elf-ba2-r36379/bin/../lib/gcc/ba-elf/4.7.4/../../../../ba-elf/lib/mcpu_jn51xx_sizeopt\libc.a(lib_a-memset.o)
 .debug_info    0x00000000000002d0       0xb4 c:/mwsdk/tools/ba-elf-ba2-r36379/bin/../lib/gcc/ba-elf/4.7.4/mcpu_jn51xx_sizeopt\libgcc.a(__udivsi3.o)
 .debug_info    0x0000000000000384       0xb4 c:/mwsdk/tools/ba-elf-ba2-r36379/bin/../lib/gcc/ba-elf/4.7.4/mcpu_jn51xx_sizeopt\libgcc.a(__divsi3.o)
 .debug_info    0x0000000000000438       0xb4 c:/mwsdk/tools/ba-elf-ba2-r36379/bin/../lib/gcc/ba-elf/4.7.4/mcpu_jn51xx_sizeopt\libgcc.a(__umodsi3.o)
 .debug_info    0x00000000000004ec       0xaa c:/MWSDK/ChipLib/SW4063V1416/Components/Library\libBoot_JN516x.a(ExceptionHandler.o)

.debug_abbrev   0x0000000000000000      0x210
 .debug_abbrev  0x0000000000000000       0x8e c:/mwsdk/tools/ba-elf-ba2-r36379/bin/../lib/gcc/ba-elf/4.7.4/../../../../ba-elf/lib/mcpu_jn51xx_sizeopt\libc.a(lib_a-memcmp.o)
 .debug_abbrev  0x000000000000008e       0xa4 c:/mwsdk/tools/ba-elf-ba2-r36379/bin/../lib/gcc/ba-elf/4.7.4/../../../../ba-elf/lib/mcpu_jn51xx_sizeopt\libc.a(lib_a-memcpy.o)
 .debug_abbrev  0x0000000000000132       0x8e c:/mwsdk/tools/ba-elf-ba2-r36379/bin/../lib/gcc/ba-elf/4.7.4/../../../../ba-elf/lib/mcpu_jn51xx_sizeopt\libc.a(lib_a-memset.o)
 .debug_abbrev  0x00000000000001c0       0x14 c:/mwsdk/tools/ba-elf-ba2-r36379/bin/../lib/gcc/ba-elf/4.7.4/mcpu_jn51xx_sizeopt\libgcc.a(__udivsi3.o)
 .debug_abbrev  0x00000000000001d4       0x14 c:/mwsdk/tools/ba-elf-ba2-r36379/bin/../lib/gcc/ba-elf/4.7.4/mcpu_jn51xx_sizeopt\libgcc.a(__divsi3.o)
 .debug_abbrev  0x00000000000001e8       0x14 c:/mwsdk/tools/ba-elf-ba2-r36379/bin/../lib/gcc/ba-elf/4.7.4/mcpu_jn51xx_sizeopt\libgcc.a(__umodsi3.o)
 .debug_abbrev  0x00000000000001fc       0x14 c:/MWSDK/ChipLib/SW4063V1416/Components/Library\libBoot_JN516x.a(ExceptionHandler.o)

.debug_loc      0x0000000000000000       0xeb
 .debug_loc     0x0000000000000000       0x73 c:/mwsdk/tools/ba-elf-ba2-r36379/bin/../lib/gcc/ba-elf/4.7.4/../../../../ba-elf/lib/mcpu_jn51xx_sizeopt\libc.a(lib_a-memcmp.o)
 .debug_loc     0x0000000000000073       0x39 c:/mwsdk/tools/ba-elf-ba2-r36379/bin/../lib/gcc/ba-elf/4.7.4/../../../../ba-elf/lib/mcpu_jn51xx_sizeopt\libc.a(lib_a-memcpy.o)
 .debug_loc     0x00000000000000ac       0x3f c:/mwsdk/tools/ba-elf-ba2-r36379/bin/../lib/gcc/ba-elf/4.7.4/../../../../ba-elf/lib/mcpu_jn51xx_sizeopt\libc.a(lib_a-memset.o)

.debug_aranges  0x0000000000000000       0xe0
 .debug_aranges
                0x0000000000000000       0x20 c:/mwsdk/tools/ba-elf-ba2-r36379/bin/../lib/gcc/ba-elf/4.7.4/../../../../ba-elf/lib/mcpu_jn51xx_sizeopt\libc.a(lib_a-memcmp.o)
 .debug_aranges
                0x0000000000000020       0x20 c:/mwsdk/tools/ba-elf-ba2-r36379/bin/../lib/gcc/ba-elf/4.7.4/../../../../ba-elf/lib/mcpu_jn51xx_sizeopt\libc.a(lib_a-memcpy.o)
 .debug_aranges
                0x0000000000000040       0x20 c:/mwsdk/tools/ba-elf-ba2-r36379/bin/../lib/gcc/ba-elf/4.7.4/../../../../ba-elf/lib/mcpu_jn51xx_sizeopt\libc.a(lib_a-memset.o)
 .debug_aranges
                0x0000000000000060       0x20 c:/mwsdk/tools/ba-elf-ba2-r36379/bin/../lib/gcc/ba-elf/4.7.4/mcpu_jn51xx_sizeopt\libgcc.a(__udivsi3.o)
 .debug_aranges
                0x0000000000000080       0x20 c:/mwsdk/tools/ba-elf-ba2-r36379/bin/../lib/gcc/ba-elf/4.7.4/mcpu_jn51xx_sizeopt\libgcc.a(__divsi3.o)
 .debug_aranges
                0x00000000000000a0       0x20 c:/mwsdk/tools/ba-elf-ba2-r36379/bin/../lib/gcc/ba-elf/4.7.4/mcpu_jn51xx_sizeopt\libgcc.a(__umodsi3.o)
 .debug_aranges
                0x00000000000000c0       0x20 c:/MWSDK/ChipLib/SW4063V1416/Components/Library\libBoot_JN516x.a(ExceptionHandler.o)

.debug_line     0x0000000000000000      0xe6e
 .debug_line    0x0000000000000000      0x154 c:/mwsdk/tools/ba-elf-ba2-r36379/bin/../lib/gcc/ba-elf/4.7.4/../../../../ba-elf/lib/mcpu_jn51xx_sizeopt\libc.a(lib_a-memcmp.o)
 .debug_line    0x0000000000000154      0x148 c:/mwsdk/tools/ba-elf-ba2-r36379/bin/../lib/gcc/ba-elf/4.7.4/../../../../ba-elf/lib/mcpu_jn51xx_sizeopt\libc.a(lib_a-memcpy.o)
 .debug_line    0x000000000000029c      0x13e c:/mwsdk/tools/ba-elf-ba2-r36379/bin/../lib/gcc/ba-elf/4.7.4/../../../../ba-elf/lib/mcpu_jn51xx_sizeopt\libc.a(lib_a-memset.o)
 .debug_line    0x00000000000003da      0x47b c:/mwsdk/tools/ba-elf-ba2-r36379/bin/../lib/gcc/ba-elf/4.7.4/mcpu_jn51xx_sizeopt\libgcc.a(__udivsi3.o)
 .debug_line    0x0000000000000855       0xbb c:/mwsdk/tools/ba-elf-ba2-r36379/bin/../lib/gcc/ba-elf/4.7.4/mcpu_jn51xx_sizeopt\libgcc.a(__divsi3.o)
 .debug_line    0x0000000000000910      0x3c7 c:/mwsdk/tools/ba-elf-ba2-r36379/bin/../lib/gcc/ba-elf/4.7.4/mcpu_jn51xx_sizeopt\libgcc.a(__umodsi3.o)
 .debug_line    0x0000000000000cd7      0x197 c:/MWSDK/ChipLib/SW4063V1416/Components/Library\libBoot_JN516x.a(ExceptionHandler.o)

.debug_str      0x0000000000000000      0x1bf
 .debug_str     0x0000000000000000      0x119 c:/mwsdk/tools/ba-elf-ba2-r36379/bin/../lib/gcc/ba-elf/4.7.4/../../../../ba-elf/lib/mcpu_jn51xx_sizeopt\libc.a(lib_a-memcmp.o)
                                        0x152 (size before relaxing)
 .debug_str     0x0000000000000119       0x5d c:/mwsdk/tools/ba-elf-ba2-r36379/bin/../lib/gcc/ba-elf/4.7.4/../../../../ba-elf/lib/mcpu_jn51xx_sizeopt\libc.a(lib_a-memcpy.o)
                                        0x166 (size before relaxing)
 .debug_str     0x0000000000000176       0x49 c:/mwsdk/tools/ba-elf-ba2-r36379/bin/../lib/gcc/ba-elf/4.7.4/../../../../ba-elf/lib/mcpu_jn51xx_sizeopt\libc.a(lib_a-memset.o)
                                        0x152 (size before relaxing)

.debug_frame    0x0000000000000000       0x60
 .debug_frame   0x0000000000000000       0x20 c:/mwsdk/tools/ba-elf-ba2-r36379/bin/../lib/gcc/ba-elf/4.7.4/../../../../ba-elf/lib/mcpu_jn51xx_sizeopt\libc.a(lib_a-memcmp.o)
 .debug_frame   0x0000000000000020       0x20 c:/mwsdk/tools/ba-elf-ba2-r36379/bin/../lib/gcc/ba-elf/4.7.4/../../../../ba-elf/lib/mcpu_jn51xx_sizeopt\libc.a(lib_a-memcpy.o)
 .debug_frame   0x0000000000000040       0x20 c:/mwsdk/tools/ba-elf-ba2-r36379/bin/../lib/gcc/ba-elf/4.7.4/../../../../ba-elf/lib/mcpu_jn51xx_sizeopt\libc.a(lib_a-memset.o)
